// Jest Snapshot v1, https://goo.gl/fbAQLP

exports[`Snapshots renders correctly when disabled 1`] = `
<li
  aria-current={false}
  className="l3-style-menu-item-button"
  id="undefined-undefined"
  role="menuitem"
>
  <button
    aria-busy={false}
    aria-disabled={true}
    className="l3-style-button l3-style-button--size-small l3-style-button--kind-primary l3-style-button--color-primary l3-style-button--disabled"
    data-testid="button"
    onBlur={[Function]}
    onClick={[Function]}
    onFocus={[Function]}
    onMouseDown={[Function]}
    onMouseUp={[Function]}
    type="button"
  >
    <div
      className="menu-item-button-content"
    >
      my item
    </div>
  </button>
</li>
`;

exports[`Snapshots renders correctly when selected 1`] = `
<li
  aria-current={false}
  className="l3-style-menu-item-button"
  id="undefined-undefined"
  role="menuitem"
>
  <button
    aria-busy={false}
    aria-disabled={false}
    className="l3-style-button l3-style-button--size-small l3-style-button--kind-primary l3-style-button--color-primary"
    data-testid="button"
    onBlur={[Function]}
    onClick={[Function]}
    onFocus={[Function]}
    onMouseDown={[Function]}
    onMouseUp={[Function]}
    type="button"
  >
    <div
      className="menu-item-button-content"
    >
      my item
    </div>
  </button>
</li>
`;

exports[`Snapshots renders correctly with custom class name 1`] = `
<li
  aria-current={false}
  className="l3-style-menu-item-button dummy-class-name"
  id="undefined-undefined"
  role="menuitem"
>
  <button
    aria-busy={false}
    aria-disabled={false}
    className="l3-style-button l3-style-button--size-small l3-style-button--kind-primary l3-style-button--color-primary"
    data-testid="button"
    onBlur={[Function]}
    onClick={[Function]}
    onFocus={[Function]}
    onMouseDown={[Function]}
    onMouseUp={[Function]}
    type="button"
  >
    <div
      className="menu-item-button-content"
    />
  </button>
</li>
`;

exports[`Snapshots renders correctly with empty props 1`] = `
<li
  aria-current={false}
  className="l3-style-menu-item-button"
  id="undefined-undefined"
  role="menuitem"
>
  <button
    aria-busy={false}
    aria-disabled={false}
    className="l3-style-button l3-style-button--size-small l3-style-button--kind-primary l3-style-button--color-primary"
    data-testid="button"
    onBlur={[Function]}
    onClick={[Function]}
    onFocus={[Function]}
    onMouseDown={[Function]}
    onMouseUp={[Function]}
    type="button"
  >
    <div
      className="menu-item-button-content"
    />
  </button>
</li>
`;

exports[`Snapshots renders correctly with title and icon 1`] = `
<li
  aria-current={false}
  className="l3-style-menu-item-button"
  id="undefined-undefined"
  role="menuitem"
>
  <button
    aria-busy={false}
    aria-disabled={false}
    className="l3-style-button l3-style-button--size-small l3-style-button--kind-primary l3-style-button--color-primary"
    data-testid="button"
    onBlur={[Function]}
    onClick={[Function]}
    onFocus={[Function]}
    onMouseDown={[Function]}
    onMouseUp={[Function]}
    type="button"
  >
    <div
      className="menu-item-button-content"
    >
      my item
    </div>
  </button>
</li>
`;
