// Jest Snapshot v1, https://goo.gl/fbAQLP

exports[`Snapshots renders correctly when disabled 1`] = `
<li
  aria-current={false}
  className="l3-style-menu-item l3-style-menu-item--disabled"
  id="undefined-undefined"
  onClick={[Function]}
  role="menuitem"
  tabIndex={-1}
>
  <div
    className="l3-style-menu-item__title"
  >
    my item
    
  </div>
  
  <div
    className="l3-style-menu-item__popover"
    style={
      Object {
        "left": "0",
        "position": "absolute",
        "top": "0",
        "visibility": "hidden",
      }
    }
  />
  <svg
    aria-hidden={false}
    aria-label="my bolt svg icon"
    className="icon_component icon_component--clickable"
    fill="currentColor"
    height="27"
    onClick={[Function]}
    role="button"
    tabIndex={0}
    viewBox="0 0 20 20"
    width="27"
  >
    <path
      clipRule="evenodd"
      d="M12.5303 9.46967L12 10L12.5303 10.5303C12.8232 10.2374 12.8232 9.76256 12.5303 9.46967ZM10.9393 10L7.46967 13.4697C7.17678 13.7626 7.17678 14.2374 7.46967 14.5303C7.76256 14.8232 8.23744 14.8232 8.53033 14.5303L12.5303 10.5303L12 10L12.5303 9.46967L8.53033 5.46967C8.23744 5.17678 7.76256 5.17678 7.46967 5.46967C7.17678 5.76256 7.17678 6.23744 7.46967 6.53033L10.9393 10Z"
      fill="currentColor"
      fillRule="evenodd"
    />
  </svg>
</li>
`;

exports[`Snapshots renders correctly when selected 1`] = `
<li
  aria-current={false}
  className="l3-style-menu-item l3-style-menu-item--selected"
  id="undefined-undefined"
  onClick={[Function]}
  role="menuitem"
  tabIndex={-1}
>
  <div
    className="l3-style-menu-item__title"
  >
    my item
    
  </div>
  
  <div
    className="l3-style-menu-item__popover"
    style={
      Object {
        "left": "0",
        "position": "absolute",
        "top": "0",
        "visibility": "hidden",
      }
    }
  />
  <svg
    aria-hidden={false}
    aria-label="my bolt svg icon"
    className="icon_component icon_component--clickable"
    fill="currentColor"
    height="27"
    onClick={[Function]}
    role="button"
    tabIndex={0}
    viewBox="0 0 20 20"
    width="27"
  >
    <path
      clipRule="evenodd"
      d="M12.5303 9.46967L12 10L12.5303 10.5303C12.8232 10.2374 12.8232 9.76256 12.5303 9.46967ZM10.9393 10L7.46967 13.4697C7.17678 13.7626 7.17678 14.2374 7.46967 14.5303C7.76256 14.8232 8.23744 14.8232 8.53033 14.5303L12.5303 10.5303L12 10L12.5303 9.46967L8.53033 5.46967C8.23744 5.17678 7.76256 5.17678 7.46967 5.46967C7.17678 5.76256 7.17678 6.23744 7.46967 6.53033L10.9393 10Z"
      fill="currentColor"
      fillRule="evenodd"
    />
  </svg>
</li>
`;

exports[`Snapshots renders correctly with custom class name 1`] = `
<li
  aria-current={false}
  className="l3-style-menu-item dummy-class-name"
  id="undefined-undefined"
  onClick={[Function]}
  role="menuitem"
  tabIndex={-1}
>
  <div
    className="l3-style-menu-item__title"
  >
    
    
  </div>
  
  <div
    className="l3-style-menu-item__popover"
    style={
      Object {
        "left": "0",
        "position": "absolute",
        "top": "0",
        "visibility": "hidden",
      }
    }
  />
  <svg
    aria-hidden={false}
    aria-label="my bolt svg icon"
    className="icon_component icon_component--clickable"
    fill="currentColor"
    height="27"
    onClick={[Function]}
    role="button"
    tabIndex={0}
    viewBox="0 0 20 20"
    width="27"
  >
    <path
      clipRule="evenodd"
      d="M12.5303 9.46967L12 10L12.5303 10.5303C12.8232 10.2374 12.8232 9.76256 12.5303 9.46967ZM10.9393 10L7.46967 13.4697C7.17678 13.7626 7.17678 14.2374 7.46967 14.5303C7.76256 14.8232 8.23744 14.8232 8.53033 14.5303L12.5303 10.5303L12 10L12.5303 9.46967L8.53033 5.46967C8.23744 5.17678 7.76256 5.17678 7.46967 5.46967C7.17678 5.76256 7.17678 6.23744 7.46967 6.53033L10.9393 10Z"
      fill="currentColor"
      fillRule="evenodd"
    />
  </svg>
</li>
`;

exports[`Snapshots renders correctly with empty props 1`] = `
<li
  aria-current={false}
  className="l3-style-menu-item"
  id="undefined-undefined"
  onClick={[Function]}
  role="menuitem"
  tabIndex={-1}
>
  <div
    className="l3-style-menu-item__title"
  >
    
    
  </div>
  
  <div
    className="l3-style-menu-item__popover"
    style={
      Object {
        "left": "0",
        "position": "absolute",
        "top": "0",
        "visibility": "hidden",
      }
    }
  />
  <svg
    aria-hidden={false}
    aria-label="my bolt svg icon"
    className="icon_component icon_component--clickable"
    fill="currentColor"
    height="27"
    onClick={[Function]}
    role="button"
    tabIndex={0}
    viewBox="0 0 20 20"
    width="27"
  >
    <path
      clipRule="evenodd"
      d="M12.5303 9.46967L12 10L12.5303 10.5303C12.8232 10.2374 12.8232 9.76256 12.5303 9.46967ZM10.9393 10L7.46967 13.4697C7.17678 13.7626 7.17678 14.2374 7.46967 14.5303C7.76256 14.8232 8.23744 14.8232 8.53033 14.5303L12.5303 10.5303L12 10L12.5303 9.46967L8.53033 5.46967C8.23744 5.17678 7.76256 5.17678 7.46967 5.46967C7.17678 5.76256 7.17678 6.23744 7.46967 6.53033L10.9393 10Z"
      fill="currentColor"
      fillRule="evenodd"
    />
  </svg>
</li>
`;

exports[`Snapshots renders correctly with title and SVG icon 1`] = `
<li
  aria-current={false}
  className="l3-style-menu-item"
  id="undefined-undefined"
  onClick={[Function]}
  role="menuitem"
  tabIndex={-1}
>
  <div
    className="l3-style-menu-item__icon-wrapper"
  >
    <svg
      aria-hidden={true}
      aria-label="my item"
      className="icon_component l3-style-menu-item__icon icon_component--no-focus-style"
      fill="currentColor"
      height="25"
      onClick={[Function]}
      viewBox="0 0 20 20"
      width="25"
    >
      <path
        clipRule="evenodd"
        d="M9.98296 1.97614C7.85942 1.97614 5.82285 2.81971 4.32128 4.32128C2.81971 5.82285 1.97614 7.85942 1.97614 9.98296C1.97614 12.1065 2.81971 14.1431 4.32128 15.6446C5.82285 17.1462 7.85942 17.9898 9.98296 17.9898C12.1065 17.9898 14.1431 17.1462 15.6446 15.6446C17.1462 14.1431 17.9898 12.1065 17.9898 9.98296C17.9898 7.85942 17.1462 5.82285 15.6446 4.32128C14.1431 2.81971 12.1065 1.97614 9.98296 1.97614ZM5.38194 5.38194C6.6022 4.16167 8.25724 3.47614 9.98296 3.47614C11.7087 3.47614 13.3637 4.16167 14.584 5.38194C15.8042 6.6022 16.4898 8.25724 16.4898 9.98296C16.4898 11.7087 15.8042 13.3637 14.584 14.584C13.3637 15.8042 11.7087 16.4898 9.98296 16.4898C8.25724 16.4898 6.6022 15.8042 5.38194 14.584C4.16167 13.3637 3.47614 11.7087 3.47614 9.98296C3.47614 8.25724 4.16167 6.6022 5.38194 5.38194ZM7.29283 10.7453L8.48668 7.76067L10.3736 13.1057L10.3737 13.1058C10.4523 13.3285 10.5933 13.524 10.7798 13.669C10.9663 13.814 11.1905 13.9024 11.4257 13.9237C11.661 13.945 11.8974 13.8983 12.1069 13.7892C12.3165 13.6801 12.4902 13.5131 12.6076 13.3081L12.6078 13.3079L13.8044 11.2168H15.3047C15.7189 11.2168 16.0547 10.881 16.0547 10.4668C16.0547 10.0526 15.7189 9.71676 15.3047 9.71676H13.3695C13.1005 9.71676 12.8521 9.8608 12.7185 10.0943L11.5946 12.0583L9.66458 6.59126L9.66381 6.58909C9.57982 6.35351 9.4262 6.14904 9.2233 6.0028C9.02041 5.85656 8.77785 5.77547 8.5278 5.77029C8.27775 5.76511 8.03204 5.83609 7.82327 5.9738C7.61449 6.11151 7.45253 6.30945 7.35887 6.54134L7.35886 6.54134L7.35793 6.54368L6.08869 9.71676H4.66132C4.2471 9.71676 3.91132 10.0526 3.91132 10.4668C3.91132 10.881 4.2471 11.2168 4.66132 11.2168H6.59647C6.90315 11.2168 7.17893 11.0301 7.29283 10.7453Z"
        fill="currentColor"
        fillRule="evenodd"
      />
    </svg>
  </div>
  <div
    className="l3-style-menu-item__title"
  >
    my item
    
  </div>
  
  <div
    className="l3-style-menu-item__popover"
    style={
      Object {
        "left": "0",
        "position": "absolute",
        "top": "0",
        "visibility": "hidden",
      }
    }
  />
  <svg
    aria-hidden={false}
    aria-label="my bolt svg icon"
    className="icon_component icon_component--clickable"
    fill="currentColor"
    height="27"
    onClick={[Function]}
    role="button"
    tabIndex={0}
    viewBox="0 0 20 20"
    width="27"
  >
    <path
      clipRule="evenodd"
      d="M12.5303 9.46967L12 10L12.5303 10.5303C12.8232 10.2374 12.8232 9.76256 12.5303 9.46967ZM10.9393 10L7.46967 13.4697C7.17678 13.7626 7.17678 14.2374 7.46967 14.5303C7.76256 14.8232 8.23744 14.8232 8.53033 14.5303L12.5303 10.5303L12 10L12.5303 9.46967L8.53033 5.46967C8.23744 5.17678 7.76256 5.17678 7.46967 5.46967C7.17678 5.76256 7.17678 6.23744 7.46967 6.53033L10.9393 10Z"
      fill="currentColor"
      fillRule="evenodd"
    />
  </svg>
</li>
`;

exports[`Snapshots renders correctly with title and font icon 1`] = `
<li
  aria-current={false}
  className="l3-style-menu-item"
  id="undefined-undefined"
  onClick={[Function]}
  role="menuitem"
  tabIndex={-1}
>
  <div
    className="l3-style-menu-item__icon-wrapper"
  >
    <span
      aria-hidden={true}
      aria-label="my item"
      className="icon_component l3-style-menu-item__icon icon_component--no-focus-style fa fa fa-star"
      onClick={[Function]}
      role="img"
    />
  </div>
  <div
    className="l3-style-menu-item__title"
  >
    my item
    
  </div>
  
  <div
    className="l3-style-menu-item__popover"
    style={
      Object {
        "left": "0",
        "position": "absolute",
        "top": "0",
        "visibility": "hidden",
      }
    }
  />
  <svg
    aria-hidden={false}
    aria-label="my bolt svg icon"
    className="icon_component icon_component--clickable"
    fill="currentColor"
    height="27"
    onClick={[Function]}
    role="button"
    tabIndex={0}
    viewBox="0 0 20 20"
    width="27"
  >
    <path
      clipRule="evenodd"
      d="M12.5303 9.46967L12 10L12.5303 10.5303C12.8232 10.2374 12.8232 9.76256 12.5303 9.46967ZM10.9393 10L7.46967 13.4697C7.17678 13.7626 7.17678 14.2374 7.46967 14.5303C7.76256 14.8232 8.23744 14.8232 8.53033 14.5303L12.5303 10.5303L12 10L12.5303 9.46967L8.53033 5.46967C8.23744 5.17678 7.76256 5.17678 7.46967 5.46967C7.17678 5.76256 7.17678 6.23744 7.46967 6.53033L10.9393 10Z"
      fill="currentColor"
      fillRule="evenodd"
    />
  </svg>
</li>
`;
